
> grand-portfolio@0.1.0 build
> next build

Γû▓ Next.js 16.1.0 (Turbopack)

  Creating an optimized production build ...
node.exe : Error: "./dist/tw-animate.css" 
is not exported under the condition 
"style" from package E:\Portfolio\grand-po
rtfolio\node_modules\tw-animate-css (see 
exports field in E:\Portfolio\grand-portfo
lio\node_modules\tw-animate-css\package.js
on)
At line:1 char:1
+ & "C:\Program Files\nodejs/node.exe" 
"C:\Users\gz275\AppData\Roaming\ ...
+ ~~~~~~~~~~~~~~~~~~~~~~~~~~~~~~~~~~~~~~~~
~~~~~~~~~~~~~~~~~~~~~~~~~~~~~
    + CategoryInfo          : NotSpecifie 
   d: (Error: "./dist/...s\package.json)  
  :String) [], RemoteException
    + FullyQualifiedErrorId : NativeComma 
   ndError
 
    [2m[at E:\Portfolio\grand-portfolio\n
ode_modules\enhanced-resolve\lib\ExportsFi
eldPlugin.js:123:7][0m
    [2m[at Hook.eval [as callAsync] 
(eval at create (E:\Portfolio\grand-portfo
lio\node_modules\tapable\lib\HookCodeFacto
ry.js:31:10), <anonymous>:22:1)][0m
    [2m[at Resolver.doResolve (E:\Portfol
io\grand-portfolio\node_modules\enhanced-r
esolve\lib\Resolver.js:715:16)][0m
    [2m[at E:\Portfolio\grand-portfolio\n
ode_modules\enhanced-resolve\lib\Descripti
onFilePlugin.js:80:17][0m
    [2m[at E:\Portfolio\grand-portfolio\n
ode_modules\enhanced-resolve\lib\Descripti
onFileUtils.js:161:24][0m
    [2m[at E:\Portfolio\grand-portfolio\n
ode_modules\enhanced-resolve\lib\forEachBa
il.js:39:13][0m
    [2m[at onJson (E:\Portfolio\grand-por
tfolio\node_modules\enhanced-resolve\lib\D
escriptionFileUtils.js:96:6)][0m
    [2m[at E:\Portfolio\grand-portfolio\n
ode_modules\enhanced-resolve\lib\Descripti
onFileUtils.js:123:7][0m
    [2m[at 
SyncAsyncFileSystemDecorator.readJson (E:\
Portfolio\grand-portfolio\node_modules\enh
anced-resolve\lib\SyncAsyncFileSystemDecor
ator.js:204:6)][0m
    [2m[at E:\Portfolio\grand-portfolio\n
ode_modules\enhanced-resolve\lib\Descripti
onFileUtils.js:104:26][0m

> Build error occurred
Error: Turbopack build failed with 1 
errors:
./src/app/globals.css
Error evaluating Node.js code
CssSyntaxError: tailwindcss: E:\Portfolio\
grand-portfolio\src\app\globals.css:1:1: 
"./dist/tw-animate.css" is not exported 
under the condition "style" from package E
:\Portfolio\grand-portfolio\node_modules\t
w-animate-css (see exports field in E:\Por
tfolio\grand-portfolio\node_modules\tw-ani
mate-css\package.json)
    at Input.error (node_modules/postcss/l
ib/input.js:135:16) [E:\Portfolio\grand-po
rtfolio\.next\build\chunks\node_modules_fe
693df6._.js:4651:22]
    at Root.error 
(node_modules/postcss/lib/node.js:146:32) 
[E:\Portfolio\grand-portfolio\.next\build\
chunks\node_modules_fe693df6._.js:928:38]
    [at Object.Once (E:\Portfolio\grand-po
rtfolio\node_modules\@tailwindcss\postcss\
dist\index.js:10:6911)]
    [at process.processTicksAndRejections 
(node:internal/process/task_queues:105:5)]
    at async LazyResult.runAsync (node_mod
ules/postcss/lib/lazy-result.js:293:11) [E
:\Portfolio\grand-portfolio\.next\build\ch
unks\node_modules_fe693df6._.js:6206:21]
    at async transform (turbopack:///[turb
opack-node]/transforms/postcss.ts:70:34) [
E:\Portfolio\grand-portfolio\.next\build\c
hunks\[root-of-the-server]__51225daf._.js:
146:36]
    at async run (turbopack:///[turbopack-
node]/ipc/evaluate.ts:92:23) [E:\Portfolio
\grand-portfolio\.next\build\chunks\[root-
of-the-server]__974941ed._.js:443:31]

Import trace:
  Client Component Browser:
    ./src/app/globals.css [Client 
Component Browser]
    ./src/app/layout.js [Server Component]


    at async transform (turbopack:///[turb
opack-node]/transforms/postcss.ts:70:34) [
E:\Portfolio\grand-portfolio\.next\build\c
hunks\[root-of-the-server]__51225daf._.js:
146:36])
    at async run (turbopack:///[turbopack-
node]/ipc/evaluate.ts:92:23) [E:\Portfolio
\grand-portfolio\.next\build\chunks\[root-
of-the-server]__974941ed._.js:443:31])
